<?xml version="1.0" encoding="utf-8"?><testsuites><testsuite name="pytest" errors="0" failures="0" skipped="0" tests="7" time="0.806" timestamp="2025-11-13T00:03:52.664189" hostname="5f1b1feec233"><testcase classname="test.sonic_db_dump_load_test.TestSonicDbDumpLoad" name="test_sonic_db_dump_exit" time="0.005" /><testcase classname="test.sonic_db_dump_load_test.TestSonicDbDumpLoad" name="test_sonic_db_load_exit" time="0.001" /><testcase classname="test.test_moduleLoad.Test_load_sonic_db_config" name="test__dbConfig" time="0.008" /><testcase classname="test.test_moduleLoad.Test_load_sonic_db_config" name="test__db_map_attributes" time="0.001" /><testcase classname="test.test_moduleLoad.Test_load_sonic_db_config" name="test__namespace_list" time="0.001" /><testcase classname="test.test_moduleLoad" name="test_BlockUseSwsssdk" time="0.164" /><testcase classname="test.test_port_util.TestPortUtil" name="test_get_vlan_interface_oid_map" time="0.006" /></testsuite></testsuites>